\BOOKMARK [1][-]{section*.1}{\376\377\173\054\000\040\0000\0001\000\040\172\340\000\040\060\275\060\325\060\310\060\246\060\247\060\242\211\201\154\102}{}% 1
\BOOKMARK [1][-]{section*.1}{\376\377\121\150\117\123\151\202\211\201\377\032\060\123\060\156\172\340\060\147\133\146\060\166\060\123\060\150}{}% 2
\BOOKMARK [2][-]{figure.1}{\376\377\147\000\122\035\060\153\137\305\211\201\060\152\165\050\212\236}{section*.1}% 3
\BOOKMARK [1][-]{table.1}{\376\377\134\016\121\145\377\032\211\201\154\102\060\114\221\315\211\201\060\152\164\006\165\061}{}% 4
\BOOKMARK [1][-]{section.1}{\376\377\060\275\060\325\060\310\060\246\060\247\060\242\211\201\154\102\060\156\127\372\171\016}{}% 5
\BOOKMARK [2][-]{subsection.1.1}{\376\377\060\275\060\325\060\310\060\246\060\247\060\242\211\201\154\102\060\156\133\232\177\251}{section.1}% 6
\BOOKMARK [2][-]{subsection.1.2}{\376\377\060\275\060\325\060\310\060\246\060\247\060\242\211\201\154\102\060\156\122\006\230\136}{section.1}% 7
\BOOKMARK [2][-]{subsection.1.3}{\376\377\060\275\060\325\060\310\060\246\060\247\060\242\210\375\124\301\211\201\154\102\060\150\060\275\060\325\060\310\060\246\060\247\060\242\060\327\060\355\060\270\060\247\060\257\060\310\211\201\154\102}{section.1}% 8
\BOOKMARK [2][-]{subsection.1.4}{\376\377\152\137\200\375\211\201\154\102}{section.1}% 9
\BOOKMARK [2][-]{subsection.1.5}{\376\377\227\136\152\137\200\375\211\201\154\102}{section.1}% 10
\BOOKMARK [2][-]{subsection.1.6}{\376\377\142\200\210\123\122\066\175\004}{section.1}% 11
\BOOKMARK [2][-]{subsection.1.7}{\376\377\060\265\060\374\060\323\060\271\124\301\214\352\122\066\175\004}{section.1}% 12
\BOOKMARK [2][-]{subsection.1.8}{\376\377\060\152\060\134\060\123\060\156\060\210\060\106\060\153\122\006\230\136\060\131\060\213\060\156\060\113}{section.1}% 13
\BOOKMARK [2][-]{subsection.1.9}{\376\377\060\267\060\271\060\306\060\340\211\201\154\102\060\150\060\275\060\325\060\310\060\246\060\247\060\242\211\201\154\102}{section.1}% 14
\BOOKMARK [2][-]{subsection.1.10}{\376\377\155\076\165\037\211\201\154\102}{section.1}% 15
\BOOKMARK [2][-]{subsection.1.11}{\376\377\060\275\060\325\060\310\060\246\060\247\060\242\211\201\154\102\155\073\122\325}{section.1}% 16
\BOOKMARK [1][-]{section.2}{\376\377\211\201\154\102\163\162\137\227}{}% 17
\BOOKMARK [2][-]{subsection.2.1}{\376\377\211\201\154\102\060\156\156\220\154\311}{section.2}% 18
\BOOKMARK [2][-]{subsection.2.2}{\376\377\211\201\154\102\163\162\137\227\142\200\154\325}{section.2}% 19
\BOOKMARK [1][-]{section.3}{\376\377\211\201\154\102\122\006\147\220}{}% 20
\BOOKMARK [2][-]{subsection.3.1}{\376\377\211\201\154\102\060\156\140\047\214\352}{section.3}% 21
\BOOKMARK [2][-]{subsection.3.2}{\376\377\060\265\060\374\060\323\060\271\124\301\214\352\211\201\154\102\060\156\175\114\156\010\140\047}{section.3}% 22
\BOOKMARK [2][-]{subsection.3.3}{\376\377\137\142\137\017\166\204\122\006\147\220}{section.3}% 23
\BOOKMARK [2][-]{subsection.3.4}{\376\377\211\201\154\102\060\156\210\135\172\201\060\170\060\156\133\376\137\334}{section.3}% 24
\BOOKMARK [1][-]{section.4}{\376\377\211\201\154\102\116\325\151\330\123\026}{}% 25
\BOOKMARK [2][-]{subsection.4.1}{\376\377\227\136\151\313\220\040\123\026\201\352\161\066\212\000\212\236\060\153\060\210\060\213\211\201\154\102\116\325\151\330\123\026}{section.4}% 26
\BOOKMARK [2][-]{subsection.4.2}{\376\377\151\313\220\040\123\026\201\352\161\066\212\000\212\236\060\153\060\210\060\213\211\201\154\102\116\325\151\330\123\026}{section.4}% 27
\BOOKMARK [2][-]{subsection.4.3}{\376\377\123\327\060\121\121\145\060\214\127\372\156\226\060\153\127\372\060\145\060\117\211\201\154\102\116\325\151\330\123\026}{section.4}% 28
\BOOKMARK [2][-]{subsection.4.4}{\376\377\060\342\060\307\060\353\060\153\127\372\060\145\060\117\211\201\154\102\116\325\151\330\123\026}{section.4}% 29
\BOOKMARK [2][-]{subsection.4.5}{\376\377\211\201\154\102\060\156\217\375\122\240\134\136\140\047}{section.4}% 30
\BOOKMARK [2][-]{subsection.4.6}{\376\377\130\227\122\006\166\204\116\325\151\330\123\026\060\150\123\005\142\354\166\204\116\325\151\330\123\026}{section.4}% 31
\BOOKMARK [1][-]{section.5}{\376\377\211\201\154\102\131\245\137\123\140\047\170\272\212\215}{}% 32
\BOOKMARK [2][-]{subsection.5.1}{\376\377\211\201\154\102\060\354\060\323\060\345\060\374}{section.5}% 33
\BOOKMARK [2][-]{subsection.5.2}{\376\377\060\267\060\337\060\345\060\354\060\374\060\267\060\347\060\363\060\150\133\237\210\114}{section.5}% 34
\BOOKMARK [2][-]{subsection.5.3}{\376\377\060\327\060\355\060\310\060\277\060\244\060\324\060\363\060\260}{section.5}% 35
\BOOKMARK [1][-]{section.6}{\376\377\211\201\154\102\173\241\164\006\155\073\122\325}{}% 36
\BOOKMARK [2][-]{subsection.6.1}{\376\377\211\201\154\102\145\164\164\006\060\373\122\112\156\033}{section.6}% 37
\BOOKMARK [2][-]{subsection.6.2}{\376\377\211\201\154\102\131\011\146\364\173\241\164\006}{section.6}% 38
\BOOKMARK [2][-]{subsection.6.3}{\376\377\173\304\126\362\212\277\145\164}{section.6}% 39
\BOOKMARK [1][-]{section.7}{\376\377\133\237\122\331\116\012\060\156\200\003\141\156}{}% 40
\BOOKMARK [2][-]{subsection.7.1}{\376\377\211\201\154\102\060\327\060\355\060\273\060\271\060\156\123\315\137\251\140\047}{section.7}% 41
\BOOKMARK [2][-]{subsection.7.2}{\376\377\211\201\154\102\060\156\121\052\121\110\230\006\117\115\116\330\060\121}{section.7}% 42
\BOOKMARK [2][-]{subsection.7.3}{\376\377\211\201\154\102\060\156\217\375\215\341\123\357\200\375\140\047}{section.7}% 43
\BOOKMARK [2][-]{subsection.7.4}{\376\377\211\201\154\102\060\156\133\211\133\232\140\047\060\150\131\011\122\325\140\047}{section.7}% 44
\BOOKMARK [2][-]{subsection.7.5}{\376\377\211\201\154\102\060\156\156\054\133\232}{section.7}% 45
\BOOKMARK [2][-]{subsection.7.6}{\376\377\211\201\154\102\060\327\060\355\060\273\060\271\060\156\124\301\214\352\060\150\145\071\125\204}{section.7}% 46
\BOOKMARK [1][-]{section.8}{\376\377\060\275\060\325\060\310\060\246\060\247\060\242\211\201\154\102\060\304\060\374\060\353}{}% 47
\BOOKMARK [2][-]{subsection.8.1}{\376\377\211\201\154\102\173\241\164\006\060\304\060\374\060\353}{section.8}% 48
\BOOKMARK [2][-]{subsection.8.2}{\376\377\211\201\154\102\060\342\060\307\060\352\060\363\060\260\060\304\060\374\060\353}{section.8}% 49
\BOOKMARK [2][-]{subsection.8.3}{\376\377\152\137\200\375\060\306\060\271\060\310\060\261\060\374\060\271\165\037\142\020\060\304\060\374\060\353}{section.8}% 50
\BOOKMARK [1][-]{section.9}{\376\377\060\310\060\324\060\303\060\257\060\150\123\302\200\003\145\207\163\056\060\156\133\376\137\334}{}% 51
\BOOKMARK [1][-]{section.10}{\376\377\166\172\134\125\166\204\060\152\212\255\060\177\162\151}{}% 52
\BOOKMARK [1][-]{section.11}{\376\377\123\302\200\003\145\207\163\056}{}% 53
\BOOKMARK [1][-]{section.12}{\376\377\172\340\147\053\170\272\212\215\125\117\230\114}{}% 54
\BOOKMARK [1][-]{section*.2}{\376\377\173\054\000\040\0000\0002\000\040\172\340\000\040\060\275\060\325\060\310\060\246\060\247\060\242\060\242\060\374\060\255\060\306\060\257\060\301\060\343}{}% 55
\BOOKMARK [1][-]{section*.2}{\376\377\121\150\117\123\151\202\211\201\377\032\060\123\060\156\172\340\060\147\133\146\060\166\060\123\060\150}{}% 56
\BOOKMARK [2][-]{figure.13}{\376\377\147\000\122\035\060\153\137\305\211\201\060\152\165\050\212\236}{section*.2}% 57
\BOOKMARK [1][-]{table.16}{\376\377\134\016\121\145\377\032\060\152\060\134\060\275\060\325\060\310\060\246\060\247\060\242\060\242\060\374\060\255\060\306\060\257\060\301\060\343\060\222\162\354\172\313\060\127\060\146\133\146\060\166\060\156\060\113}{}% 58
\BOOKMARK [1][-]{section.13}{\376\377\060\275\060\325\060\310\060\246\060\247\060\242\060\242\060\374\060\255\060\306\060\257\060\301\060\343\060\156\127\372\171\016}{}% 59
\BOOKMARK [2][-]{subsection.13.1}{\376\377\060\014\060\242\060\374\060\255\060\306\060\257\060\301\060\343\060\015\060\150\060\104\060\106\212\236\060\156\141\017\124\163}{section.13}% 60
\BOOKMARK [2][-]{subsection.13.2}{\376\377\122\051\133\263\225\242\117\302\200\005\060\150\225\242\137\303\116\213}{section.13}% 61
\BOOKMARK [2][-]{subsection.13.3}{\376\377\060\242\060\374\060\255\060\306\060\257\060\301\060\343\060\156\165\050\220\024}{section.13}% 62
\BOOKMARK [1][-]{section.14}{\376\377\060\275\060\325\060\310\060\246\060\247\060\242\060\242\060\374\060\255\060\306\060\257\060\301\060\343\212\030\217\360}{}% 63
\BOOKMARK [2][-]{section*.3}{\376\377\060\242\060\374\060\255\060\306\060\257\060\301\060\343\212\030\217\360\060\156\137\171\122\162}{section.14}% 64
\BOOKMARK [2][-]{subsection.14.1}{\376\377\060\242\060\374\060\255\060\306\060\257\060\301\060\343\060\323\060\345\060\374\060\150\060\323\060\345\060\374\060\335\060\244\060\363\060\310}{section.14}% 65
\BOOKMARK [2][-]{subsection.14.2}{\376\377\060\242\060\374\060\255\060\306\060\257\060\301\060\343\060\321\060\277\060\374\060\363\060\001\151\330\137\017\060\001\123\302\161\147\060\242\060\374\060\255\060\306\060\257\060\301\060\343}{section.14}% 66
\BOOKMARK [2][-]{subsection.14.3}{\376\377\060\242\060\374\060\255\060\306\060\257\060\301\060\343\212\030\217\360\212\000\212\236\060\150\060\242\060\374\060\255\060\306\060\257\060\301\060\343\147\240\175\104\060\177}{section.14}% 67
\BOOKMARK [2][-]{subsection.14.4}{\376\377\221\315\211\201\060\152\141\017\140\035\154\172\133\232\060\150\060\127\060\146\060\156\060\242\060\374\060\255\060\306\060\257\060\301\060\343}{section.14}% 68
\BOOKMARK [1][-]{section.15}{\376\377\060\275\060\325\060\310\060\246\060\247\060\242\060\242\060\374\060\255\060\306\060\257\060\301\060\343\220\116\172\013}{}% 69
\BOOKMARK [2][-]{section*.4}{\376\377\060\242\060\374\060\255\060\306\060\257\060\301\060\343\220\116\172\013\060\156\121\150\117\123\120\317}{section.15}% 70
\BOOKMARK [2][-]{subsection.15.1}{\376\377\145\207\201\010\060\156\116\055\060\156\060\242\060\374\060\255\060\306\060\257\060\301\060\343}{section.15}% 71
\BOOKMARK [2][-]{subsection.15.2}{\376\377\060\242\060\374\060\255\060\306\060\257\060\301\060\343\212\055\212\010}{section.15}% 72
\BOOKMARK [2][-]{subsection.15.3}{\376\377\060\242\060\374\060\255\060\306\060\257\060\301\060\343\060\156\133\237\215\365\060\001\145\271\154\325\060\001\142\046\210\123}{section.15}% 73
\BOOKMARK [2][-]{subsection.15.4}{\376\377\131\047\211\217\152\041\060\152\060\242\060\374\060\255\060\306\060\257\060\301\060\343\155\073\122\325}{section.15}% 74
\BOOKMARK [1][-]{section.16}{\376\377\060\275\060\325\060\310\060\246\060\247\060\242\060\242\060\374\060\255\060\306\060\257\060\301\060\343\212\125\117\241}{}% 75
\BOOKMARK [2][-]{subsection.16.1}{\376\377\060\242\060\374\060\255\060\306\060\257\060\301\060\343\060\153\060\112\060\121\060\213\060\014\060\210\060\125\060\015}{section.16}% 76
\BOOKMARK [2][-]{subsection.16.2}{\376\377\060\242\060\374\060\255\060\306\060\257\060\301\060\343\060\153\060\144\060\104\060\146\060\156\143\250\212\326}{section.16}% 77
\BOOKMARK [2][-]{subsection.16.3}{\376\377\060\242\060\374\060\255\060\306\060\257\060\301\060\343\060\354\060\323\060\345\060\374}{section.16}% 78
\BOOKMARK [2][-]{subsection.16.4}{\376\377\060\242\060\374\060\255\060\306\060\257\060\301\060\343\156\054\136\246}{section.16}% 79
\BOOKMARK [1][-]{section.17}{\376\377\060\310\060\324\060\303\060\257\060\150\123\302\200\003\145\207\163\056\060\156\133\376\137\334}{}% 80
\BOOKMARK [1][-]{section.18}{\376\377\166\172\134\125\166\204\060\152\212\255\060\177\162\151}{}% 81
\BOOKMARK [1][-]{section.19}{\376\377\123\302\200\003\145\207\163\056}{}% 82
\BOOKMARK [1][-]{section.20}{\376\377\172\340\147\053\170\272\212\215\125\117\230\114}{}% 83
\BOOKMARK [1][-]{section*.5}{\376\377\173\054\000\040\0000\0003\000\040\172\340\000\040\060\275\060\325\060\310\060\246\060\247\060\242\212\055\212\010}{}% 84
\BOOKMARK [1][-]{section*.5}{\376\377\121\150\117\123\151\202\211\201\377\032\060\123\060\156\172\340\060\147\133\146\060\166\060\123\060\150}{}% 85
\BOOKMARK [1][-]{figure.22}{\376\377\147\000\122\035\060\153\137\305\211\201\060\152\165\050\212\236}{}% 86
\BOOKMARK [2][-]{table.31}{\376\377\165\145\212\236}{figure.22}% 87
\BOOKMARK [1][-]{table.32}{\376\377\134\016\121\145\377\032\212\055\212\010\060\150\060\157\117\125\060\113}{}% 88
\BOOKMARK [1][-]{section.21}{\376\377\060\275\060\325\060\310\060\246\060\247\060\242\212\055\212\010\060\156\127\372\171\016}{}% 89
\BOOKMARK [2][-]{subsection.21.1}{\376\377\212\055\212\010\140\035\200\003}{section.21}% 90
\BOOKMARK [2][-]{subsection.21.2}{\376\377\060\275\060\325\060\310\060\246\060\247\060\242\212\055\212\010\060\156\145\207\201\010}{section.21}% 91
\BOOKMARK [2][-]{subsection.21.3}{\376\377\060\275\060\325\060\310\060\246\060\247\060\242\212\055\212\010\060\156\116\073\211\201\212\326\160\271}{section.21}% 92
\BOOKMARK [2][-]{subsection.21.4}{\376\377\060\275\060\325\060\310\060\246\060\247\060\242\212\055\212\010\123\237\122\107}{section.21}% 93
\BOOKMARK [1][-]{section.22}{\376\377\060\275\060\325\060\310\060\246\060\247\060\242\212\055\212\010\060\327\060\355\060\273\060\271}{}% 94
\BOOKMARK [2][-]{subsection.22.1}{\376\377\232\330\154\064\156\226\212\055\212\010}{section.22}% 95
\BOOKMARK [2][-]{subsection.22.2}{\376\377\212\163\175\060\212\055\212\010}{section.22}% 96
\BOOKMARK [1][-]{section.23}{\376\377\060\275\060\325\060\310\060\246\060\247\060\242\212\055\212\010\124\301\214\352}{}% 97
\BOOKMARK [2][-]{subsection.23.1}{\376\377\116\046\210\114\140\047}{section.23}% 98
\BOOKMARK [2][-]{subsection.23.2}{\376\377\122\066\137\241\060\150\060\244\060\331\060\363\060\310\121\346\164\006}{section.23}% 99
\BOOKMARK [2][-]{subsection.23.3}{\376\377\060\307\060\374\060\277\154\070\175\232\123\026}{section.23}% 100
\BOOKMARK [2][-]{subsection.23.4}{\376\377\151\313\142\020\211\201\175\040\060\156\122\006\145\143}{section.23}% 101
\BOOKMARK [2][-]{subsection.23.5}{\376\377\212\244\060\212\060\373\117\213\131\026\121\346\164\006\060\150\200\020\145\105\226\234\140\047}{section.23}% 102
\BOOKMARK [2][-]{subsection.23.6}{\376\377\175\161\124\010\060\150\166\370\116\222\220\113\165\050\140\047}{section.23}% 103
\BOOKMARK [2][-]{subsection.23.7}{\376\377\117\335\212\074\060\373\060\273\060\255\060\345\060\352\060\306\060\243\060\373\133\211\121\150\140\047}{section.23}% 104
\BOOKMARK [2][-]{subsection.23.8}{\376\377\131\011\122\325\140\047}{section.23}% 105
\BOOKMARK [1][-]{section.24}{\376\377\060\275\060\325\060\310\060\246\060\247\060\242\212\055\212\010\060\156\212\030\223\062}{}% 106
\BOOKMARK [2][-]{subsection.24.1}{\376\377\060\342\060\307\060\353\060\153\127\372\060\145\060\117\212\055\212\010}{section.24}% 107
\BOOKMARK [2][-]{subsection.24.2}{\376\377\151\313\220\040\212\055\212\010\212\030\217\360}{section.24}% 108
\BOOKMARK [2][-]{subsection.24.3}{\376\377\143\057\060\213\202\036\060\104\212\055\212\010\212\030\217\360}{section.24}% 109
\BOOKMARK [2][-]{subsection.24.4}{\376\377\212\055\212\010\060\321\060\277\060\374\060\363\060\150\060\271\060\277\060\244\060\353}{section.24}% 110
\BOOKMARK [2][-]{subsection.24.5}{\376\377\134\002\165\050\212\000\212\236\060\150\230\030\127\337\126\372\147\011\212\000\212\236}{section.24}% 111
\BOOKMARK [2][-]{subsection.24.6}{\376\377\212\055\212\010\150\071\142\340}{section.24}% 112
\BOOKMARK [1][-]{section.25}{\376\377\060\275\060\325\060\310\060\246\060\247\060\242\212\055\212\010\142\046\165\145\060\150\145\271\154\325}{}% 113
\BOOKMARK [2][-]{subsection.25.1}{\376\377\116\000\202\054\142\046\165\145}{section.25}% 114
\BOOKMARK [2][-]{subsection.25.2}{\376\377\152\137\200\375\143\007\124\021\060\373\151\313\220\040\123\026\212\055\212\010}{section.25}% 115
\BOOKMARK [2][-]{subsection.25.3}{\376\377\060\307\060\374\060\277\116\055\137\303\212\055\212\010}{section.25}% 116
\BOOKMARK [2][-]{subsection.25.4}{\376\377\060\252\060\326\060\270\060\247\060\257\060\310\143\007\124\021\212\055\212\010}{section.25}% 117
\BOOKMARK [2][-]{subsection.25.5}{\376\377\122\051\165\050\200\005\116\055\137\303\212\055\212\010}{section.25}% 118
\BOOKMARK [2][-]{subsection.25.6}{\376\377\151\313\142\020\211\201\175\040\060\331\060\374\060\271\212\055\212\010}{section.25}% 119
\BOOKMARK [2][-]{subsection.25.7}{\376\377\060\244\060\331\060\363\060\310\231\306\122\325\212\055\212\010}{section.25}% 120
\BOOKMARK [2][-]{subsection.25.8}{\376\377\060\242\060\271\060\332\060\257\060\310\143\007\124\021\212\055\212\010}{section.25}% 121
\BOOKMARK [2][-]{subsection.25.9}{\376\377\122\066\175\004\060\153\127\372\060\145\060\117\212\055\212\010}{section.25}% 122
\BOOKMARK [2][-]{subsection.25.10}{\376\377\060\311\060\341\060\244\060\363\231\306\122\325\212\055\212\010}{section.25}% 123
\BOOKMARK [2][-]{subsection.25.11}{\376\377\060\135\060\156\116\326\060\156\145\271\154\325}{section.25}% 124
\BOOKMARK [1][-]{section.26}{\376\377\060\275\060\325\060\310\060\246\060\247\060\242\212\055\212\010\124\301\214\352\122\006\147\220\060\150\212\125\117\241}{}% 125
\BOOKMARK [2][-]{subsection.26.1}{\376\377\212\055\212\010\060\354\060\323\060\345\060\374\060\150\166\343\147\373}{section.26}% 126
\BOOKMARK [2][-]{subsection.26.2}{\376\377\124\301\214\352\134\136\140\047}{section.26}% 127
\BOOKMARK [2][-]{subsection.26.3}{\376\377\124\301\214\352\122\006\147\220\060\373\212\125\117\241\142\200\154\325}{section.26}% 128
\BOOKMARK [2][-]{subsection.26.4}{\376\377\156\054\136\246\060\150\060\341\060\310\060\352\060\257\060\271}{section.26}% 129
\BOOKMARK [2][-]{subsection.26.5}{\376\377\151\034\212\074\060\373\131\245\137\123\140\047\170\272\212\215\060\373\212\215\212\074}{section.26}% 130
\BOOKMARK [1][-]{section.27}{\376\377\060\310\060\324\060\303\060\257\060\150\123\302\200\003\145\207\163\056\060\156\133\376\137\334}{}% 131
\BOOKMARK [1][-]{section.28}{\376\377\166\172\134\125\166\204\060\152\212\255\060\177\162\151}{}% 132
\BOOKMARK [1][-]{section.29}{\376\377\123\302\200\003\145\207\163\056}{}% 133
\BOOKMARK [1][-]{section.30}{\376\377\172\340\147\053\170\272\212\215\125\117\230\114}{}% 134
\BOOKMARK [1][-]{section*.6}{\376\377\173\054\000\040\0000\0004\000\040\172\340\000\040\060\275\060\325\060\310\060\246\060\247\060\242\151\313\173\311}{}% 135
\BOOKMARK [1][-]{section*.6}{\376\377\121\150\117\123\151\202\211\201\377\032\060\123\060\156\172\340\060\147\133\146\060\166\060\123\060\150}{}% 136
\BOOKMARK [1][-]{figure.34}{\376\377\147\000\122\035\060\153\137\305\211\201\060\152\165\050\212\236}{}% 137
\BOOKMARK [1][-]{table.45}{\376\377\165\145\212\236}{}% 138
\BOOKMARK [1][-]{table.47}{\376\377\134\016\121\145\377\032\060\275\060\325\060\310\060\246\060\247\060\242\151\313\173\311\060\150\060\157\117\125\060\113}{}% 139
\BOOKMARK [1][-]{section.31}{\376\377\060\275\060\325\060\310\060\246\060\247\060\242\151\313\173\311\060\156\127\372\171\016}{}% 140
\BOOKMARK [2][-]{subsection.31.1}{\376\377\211\007\226\321\060\125\060\156\147\000\134\017\123\026}{section.31}% 141
\BOOKMARK [2][-]{subsection.31.2}{\376\377\131\011\123\026\060\222\116\210\147\037\060\127\123\327\060\121\121\145\060\214\060\213}{section.31}% 142
\BOOKMARK [2][-]{subsection.31.3}{\376\377\151\034\212\074\060\127\060\204\060\131\060\117\151\313\173\311\060\131\060\213}{section.31}% 143
\BOOKMARK [2][-]{subsection.31.4}{\376\377\214\307\165\043\060\156\121\215\122\051\165\050}{section.31}% 144
\BOOKMARK [2][-]{subsection.31.5}{\376\377\151\313\173\311\060\153\060\112\060\121\060\213\152\031\156\226\060\156\220\151\165\050}{section.31}% 145
\BOOKMARK [1][-]{section.32}{\376\377\151\313\173\311\060\156\173\241\164\006}{}% 146
\BOOKMARK [2][-]{subsection.32.1}{\376\377\060\351\060\244\060\325\060\265\060\244\060\257\060\353\060\342\060\307\060\353\060\153\060\112\060\121\060\213\151\313\173\311}{section.32}% 147
\BOOKMARK [2][-]{subsection.32.2}{\376\377\151\313\173\311\212\010\165\073}{section.32}% 148
\BOOKMARK [2][-]{subsection.32.3}{\376\377\151\313\173\311\156\054\133\232}{section.32}% 149
\BOOKMARK [2][-]{subsection.32.4}{\376\377\117\235\133\130\225\242\117\302\060\156\173\241\164\006}{section.32}% 150
\BOOKMARK [1][-]{section.33}{\376\377\133\237\122\331\116\012\060\156\200\003\141\156}{}% 151
\BOOKMARK [2][-]{subsection.33.1}{\376\377\151\313\173\311\212\055\212\010}{section.33}% 152
\BOOKMARK [2][-]{subsection.33.2}{\376\377\151\313\173\311\212\000\212\236}{section.33}% 153
\BOOKMARK [2][-]{subsection.33.3}{\376\377\060\263\060\374\060\307\060\243\060\363\060\260}{section.33}% 154
\BOOKMARK [2][-]{subsection.33.4}{\376\377\151\313\173\311\060\306\060\271\060\310}{section.33}% 155
\BOOKMARK [2][-]{subsection.33.5}{\376\377\151\313\173\311\060\153\060\112\060\121\060\213\121\215\122\051\165\050}{section.33}% 156
\BOOKMARK [2][-]{subsection.33.6}{\376\377\151\313\173\311\124\301\214\352}{section.33}% 157
\BOOKMARK [2][-]{subsection.33.7}{\376\377\175\161\124\010}{section.33}% 158
\BOOKMARK [2][-]{subsection.33.8}{\376\377\060\257\060\355\060\271\060\327\060\351\060\303\060\310\060\325\060\251\060\374\060\340\225\213\166\172\060\150\171\373\210\114}{section.33}% 159
\BOOKMARK [1][-]{section.34}{\376\377\151\313\173\311\142\200\210\123}{}% 160
\BOOKMARK [2][-]{subsection.34.1}{\376\377\000A\000P\000I\000\040\060\156\212\055\212\010\060\150\122\051\165\050}{section.34}% 161
\BOOKMARK [2][-]{subsection.34.2}{\376\377\060\252\060\326\060\270\060\247\060\257\060\310\143\007\124\021\060\156\133\237\210\114\146\102\125\117\230\114}{section.34}% 162
\BOOKMARK [2][-]{subsection.34.3}{\376\377\060\321\060\351\060\341\060\374\060\277\123\026\060\001\060\306\060\363\060\327\060\354\060\374\060\310\060\001\175\317\171\360}{section.34}% 163
\BOOKMARK [2][-]{subsection.34.4}{\376\377\210\150\146\016\060\001\131\121\175\004\060\153\060\210\060\213\212\055\212\010\060\001\226\062\137\241\166\204\060\327\060\355\060\260\060\351\060\337\060\363\060\260}{section.34}% 164
\BOOKMARK [2][-]{subsection.34.5}{\376\377\060\250\060\351\060\374\121\346\164\006\060\001\117\213\131\026\121\346\164\006\060\001\060\325\060\251\060\374\060\353\060\310\060\310\060\354\060\351\060\363\060\271}{section.34}% 165
\BOOKMARK [2][-]{subsection.34.6}{\376\377\133\237\210\114\123\357\200\375\060\342\060\307\060\353}{section.34}% 166
\BOOKMARK [2][-]{subsection.34.7}{\376\377\162\266\141\113\060\153\127\372\060\145\060\117\151\313\173\311\142\200\154\325\060\150\210\150\231\306\122\325\151\313\173\311\142\200\154\325}{section.34}% 167
\BOOKMARK [2][-]{subsection.34.8}{\376\377\133\237\210\114\146\102\212\055\133\232\060\150\126\375\226\233\123\026}{section.34}% 168
\BOOKMARK [2][-]{subsection.34.9}{\376\377\145\207\154\325\060\153\127\372\060\145\060\117\121\145\122\233\121\346\164\006}{section.34}% 169
\BOOKMARK [2][-]{subsection.34.10}{\376\377\116\046\210\114\121\346\164\006\060\156\127\372\147\054\220\350\124\301}{section.34}% 170
\BOOKMARK [2][-]{subsection.34.11}{\376\377\060\337\060\311\060\353\060\246\060\247\060\242}{section.34}% 171
\BOOKMARK [2][-]{subsection.34.12}{\376\377\122\006\145\143\060\112\060\210\060\163\060\257\060\351\060\246\060\311\127\372\166\344\060\275\060\325\060\310\060\246\060\247\060\242\060\156\151\313\173\311\145\271\154\325}{section.34}% 172
\BOOKMARK [2][-]{subsection.34.13}{\376\377\165\160\172\056\060\267\060\271\060\306\060\340\060\156\151\313\173\311}{section.34}% 173
\BOOKMARK [2][-]{subsection.34.14}{\376\377\140\047\200\375\122\006\147\220\060\150\060\301\060\345\060\374\060\313\060\363\060\260}{section.34}% 174
\BOOKMARK [2][-]{subsection.34.15}{\376\377\060\327\060\351\060\303\060\310\060\325\060\251\060\374\060\340\152\031\156\226}{section.34}% 175
\BOOKMARK [2][-]{subsection.34.16}{\376\377\060\306\060\271\060\310\060\325\060\241\060\374\060\271\060\310\060\327\060\355\060\260\060\351\060\337\060\363\060\260}{section.34}% 176
\BOOKMARK [2][-]{subsection.34.17}{\376\377\151\313\173\311\060\156\060\137\060\201\060\156\060\325\060\243\060\374\060\311\060\320\060\303\060\257\060\353\060\374\060\327}{section.34}% 177
\BOOKMARK [1][-]{section.35}{\376\377\060\275\060\325\060\310\060\246\060\247\060\242\151\313\173\311\060\304\060\374\060\353}{}% 178
\BOOKMARK [2][-]{subsection.35.1}{\376\377\225\213\166\172\164\260\130\203}{section.35}% 179
\BOOKMARK [2][-]{subsection.35.2}{\376\377\211\226\211\232\166\204\060\327\060\355\060\260\060\351\060\337\060\363\060\260\060\150\060\355\060\374\060\263\060\374\060\311\000/\060\274\060\355\060\263\060\374\060\311\060\327\060\351\060\303\060\310\060\325\060\251\060\374\060\340}{section.35}% 180
\BOOKMARK [2][-]{subsection.35.3}{\376\377\123\130\117\123\060\306\060\271\060\310\060\304\060\374\060\353}{section.35}% 181
\BOOKMARK [2][-]{subsection.35.4}{\376\377\060\327\060\355\060\325\060\241\060\244\060\352\060\363\060\260\060\001\140\047\200\375\122\006\147\220\060\001\060\271\060\351\060\244\060\267\060\363\060\260\060\304\060\374\060\353}{section.35}% 182
\BOOKMARK [1][-]{section.36}{\376\377\060\310\060\324\060\303\060\257\060\150\123\302\200\003\145\207\163\056\060\156\133\376\137\334}{}% 183
\BOOKMARK [1][-]{section.37}{\376\377\166\172\134\125\166\204\060\152\212\255\060\177\162\151}{}% 184
\BOOKMARK [1][-]{section.38}{\376\377\123\302\200\003\145\207\163\056}{}% 185
\BOOKMARK [1][-]{section.39}{\376\377\172\340\147\053\170\272\212\215\125\117\230\114}{}% 186
\BOOKMARK [1][-]{section*.7}{\376\377\173\054\000\040\0000\0005\000\040\172\340\000\040\060\275\060\325\060\310\060\246\060\247\060\242\060\306\060\271\060\310}{}% 187
\BOOKMARK [1][-]{section*.7}{\376\377\121\150\117\123\151\202\211\201\377\032\060\123\060\156\172\340\060\147\133\146\060\166\060\123\060\150}{}% 188
\BOOKMARK [1][-]{figure.49}{\376\377\147\000\122\035\060\153\137\305\211\201\060\152\165\050\212\236}{}% 189
\BOOKMARK [1][-]{table.55}{\376\377\134\016\121\145\377\032\060\275\060\325\060\310\060\246\060\247\060\242\060\306\060\271\060\310\060\150\060\157\117\125\060\113}{}% 190
\BOOKMARK [1][-]{section.40}{\376\377\060\275\060\325\060\310\060\246\060\247\060\242\060\306\060\271\060\310\060\156\127\372\171\016}{}% 191
\BOOKMARK [2][-]{subsection.40.1}{\376\377\153\040\226\145\060\150\226\234\133\263}{section.40}% 192
\BOOKMARK [2][-]{subsection.40.2}{\376\377\116\073\211\201\212\326\160\271}{section.40}% 193
\BOOKMARK [2][-]{subsection.40.3}{\376\377\116\326\060\156\155\073\122\325\060\150\060\156\225\242\117\302}{section.40}% 194
\BOOKMARK [1][-]{section.41}{\376\377\060\306\060\271\060\310\060\354\060\331\060\353}{}% 195
\BOOKMARK [2][-]{subsection.41.1}{\376\377\060\306\060\271\060\310\133\376\214\141}{section.41}% 196
\BOOKMARK [2][-]{subsection.41.2}{\376\377\060\306\060\271\060\310\166\356\166\204}{section.41}% 197
\BOOKMARK [1][-]{section.42}{\376\377\060\306\060\271\060\310\142\200\154\325}{}% 198
\BOOKMARK [2][-]{subsection.42.1}{\376\377\116\325\151\330\060\331\060\374\060\271\142\200\154\325}{section.42}% 199
\BOOKMARK [2][-]{subsection.42.2}{\376\377\151\313\220\040\060\331\060\374\060\271\060\306\060\271\060\310\142\200\154\325}{section.42}% 200
\BOOKMARK [2][-]{subsection.42.3}{\376\377\175\114\232\023\060\331\060\374\060\271\142\200\154\325}{section.42}% 201
\BOOKMARK [2][-]{subsection.42.4}{\376\377\153\040\226\145\060\331\060\374\060\271\142\200\154\325\060\150\060\337\060\345\060\374\060\306\060\374\060\267\060\347\060\363\142\200\154\325}{section.42}% 202
\BOOKMARK [2][-]{subsection.42.5}{\376\377\122\051\165\050\060\331\060\374\060\271\142\200\154\325}{section.42}% 203
\BOOKMARK [2][-]{subsection.42.6}{\376\377\060\242\060\327\060\352\060\261\060\374\060\267\060\347\060\363\060\156\140\047\214\352\060\153\127\372\060\145\060\117\142\200\154\325}{section.42}% 204
\BOOKMARK [2][-]{subsection.42.7}{\376\377\142\200\154\325\060\156\220\170\142\236\060\150\175\104\124\010\060\133}{section.42}% 205
\BOOKMARK [2][-]{subsection.42.8}{\376\377\155\076\165\037\167\345\213\130\060\153\127\372\060\145\060\117\142\200\154\325}{section.42}% 206
\BOOKMARK [1][-]{section.43}{\376\377\060\306\060\271\060\310\225\242\220\043\156\054\136\246}{}% 207
\BOOKMARK [2][-]{subsection.43.1}{\376\377\000S\000U\000T\000\040\060\156\212\125\117\241}{section.43}% 208
\BOOKMARK [2][-]{subsection.43.2}{\376\377\133\237\145\275\060\127\060\137\060\306\060\271\060\310\060\156\212\125\117\241}{section.43}% 209
\BOOKMARK [1][-]{section.44}{\376\377\060\306\060\271\060\310\060\327\060\355\060\273\060\271}{}% 210
\BOOKMARK [2][-]{subsection.44.1}{\376\377\133\237\122\331\116\012\060\156\200\003\141\156}{section.44}% 211
\BOOKMARK [2][-]{subsection.44.2}{\376\377\060\306\060\271\060\310\060\265\060\326\060\327\060\355\060\273\060\271\060\150\155\073\122\325}{section.44}% 212
\BOOKMARK [2][-]{subsection.44.3}{\376\377\116\272\124\341\221\115\177\156}{section.44}% 213
\BOOKMARK [1][-]{section.45}{\376\377\225\213\166\172\060\327\060\355\060\273\060\271\060\150\220\151\165\050\230\030\127\337\060\153\060\112\060\121\060\213\060\306\060\271\060\310}{}% 214
\BOOKMARK [2][-]{subsection.45.1}{\376\377\060\275\060\325\060\310\060\246\060\247\060\242\225\213\166\172\060\327\060\355\060\273\060\271\121\205\060\156\060\306\060\271\060\310}{section.45}% 215
\BOOKMARK [2][-]{subsection.45.2}{\376\377\220\151\165\050\230\030\127\337\060\153\060\112\060\121\060\213\060\306\060\271\060\310}{section.45}% 216
\BOOKMARK [1][-]{section.46}{\376\377\145\260\202\010\142\200\210\123\060\156\060\306\060\271\060\310\060\150\145\260\202\010\142\200\210\123\060\153\060\210\060\213\060\306\060\271\060\310}{}% 217
\BOOKMARK [2][-]{subsection.46.1}{\376\377\145\260\202\010\142\200\210\123\060\222\060\306\060\271\060\310\060\131\060\213}{section.46}% 218
\BOOKMARK [2][-]{subsection.46.2}{\376\377\145\260\202\010\142\200\210\123\060\222\117\177\060\143\060\146\060\306\060\271\060\310\060\131\060\213}{section.46}% 219
\BOOKMARK [1][-]{section.47}{\376\377\060\275\060\325\060\310\060\246\060\247\060\242\060\306\060\271\060\310\060\304\060\374\060\353}{}% 220
\BOOKMARK [2][-]{subsection.47.1}{\376\377\060\306\060\271\060\310\060\304\060\374\060\353\145\057\143\364\060\150\220\170\142\236}{section.47}% 221
\BOOKMARK [2][-]{subsection.47.2}{\376\377\060\304\060\374\060\353\060\156\122\006\230\136}{section.47}% 222
\BOOKMARK [1][-]{section.48}{\376\377\060\310\060\324\060\303\060\257\060\150\123\302\200\003\145\207\163\056\060\156\133\376\137\334}{}% 223
\BOOKMARK [1][-]{section.49}{\376\377\123\302\200\003\145\207\163\056}{}% 224
\BOOKMARK [1][-]{section.50}{\376\377\172\340\147\053\170\272\212\215\125\117\230\114}{}% 225
\BOOKMARK [1][-]{section*.8}{\376\377\173\054\000\040\0000\0006\000\040\172\340\000\040\060\275\060\325\060\310\060\246\060\247\060\242\060\250\060\363\060\270\060\313\060\242\060\352\060\363\060\260\220\113\165\050}{}% 226
\BOOKMARK [1][-]{section*.8}{\376\377\121\150\117\123\151\202\211\201\377\032\060\123\060\156\172\340\060\147\133\146\060\166\060\123\060\150}{}% 227
\BOOKMARK [1][-]{figure.64}{\376\377\147\000\122\035\060\153\137\305\211\201\060\152\165\050\212\236}{}% 228
\BOOKMARK [1][-]{table.63}{\376\377\134\016\121\145\377\032\220\113\165\050\060\114\221\315\211\201\060\152\164\006\165\061}{}% 229
\BOOKMARK [1][-]{section.51}{\376\377\060\275\060\325\060\310\060\246\060\247\060\242\060\250\060\363\060\270\060\313\060\242\060\352\060\363\060\260\220\113\165\050\060\156\127\372\171\016}{}% 230
\BOOKMARK [2][-]{subsection.51.1}{\376\377\060\275\060\325\060\310\060\246\060\247\060\242\060\250\060\363\060\270\060\313\060\242\060\352\060\363\060\260\220\113\165\050\060\156\133\232\177\251}{section.51}% 231
\BOOKMARK [2][-]{subsection.51.2}{\376\377\060\275\060\325\060\310\060\246\060\247\060\242\060\250\060\363\060\270\060\313\060\242\060\352\060\363\060\260\220\113\165\050\060\327\060\355\060\273\060\271}{section.51}% 232
\BOOKMARK [2][-]{subsection.51.3}{\376\377\060\275\060\325\060\310\060\246\060\247\060\242\134\016\121\145}{section.51}% 233
\BOOKMARK [2][-]{subsection.51.4}{\376\377\060\271\060\257\060\352\060\327\060\310\123\026\060\150\201\352\122\325\123\026}{section.51}% 234
\BOOKMARK [2][-]{subsection.51.5}{\376\377\122\271\147\234\166\204\060\152\060\306\060\271\060\310\060\150\060\310\060\351\060\326\060\353\060\267\060\345\060\374\060\306\060\243\060\363\060\260}{section.51}% 235
\BOOKMARK [2][-]{subsection.51.6}{\376\377\140\047\200\375\060\001\117\341\230\074\140\047\060\001\214\240\203\167\122\006\145\143}{section.51}% 236
\BOOKMARK [1][-]{section.52}{\376\377\060\275\060\325\060\310\060\246\060\247\060\242\060\250\060\363\060\270\060\313\060\242\060\352\060\363\060\260\220\113\165\050\212\010\165\073}{}% 237
\BOOKMARK [2][-]{subsection.52.1}{\376\377\220\113\165\050\212\010\165\073\060\150\117\233\175\146\200\005\173\241\164\006}{section.52}% 238
\BOOKMARK [2][-]{subsection.52.2}{\376\377\225\213\166\172\164\260\130\203\060\150\220\113\165\050\164\260\130\203}{section.52}% 239
\BOOKMARK [2][-]{subsection.52.3}{\376\377\060\275\060\325\060\310\060\246\060\247\060\242\123\357\165\050\140\047\060\001\175\231\175\232\140\047\060\001\060\265\060\374\060\323\060\271\154\064\156\226}{section.52}% 240
\BOOKMARK [2][-]{subsection.52.4}{\376\377\060\275\060\325\060\310\060\246\060\247\060\242\133\271\221\317\173\241\164\006}{section.52}% 241
\BOOKMARK [2][-]{subsection.52.5}{\376\377\060\320\060\303\060\257\060\242\060\303\060\327\060\001\160\175\133\263\137\251\145\347\060\001\060\325\060\247\060\244\060\353\060\252\060\374\060\320\060\374}{section.52}% 242
\BOOKMARK [2][-]{subsection.52.6}{\376\377\060\275\060\325\060\310\060\246\060\247\060\242\060\150\060\307\060\374\060\277\060\156\133\211\121\150\140\047\060\001\060\273\060\255\060\345\060\352\060\306\060\243\060\001\133\214\121\150\140\047\060\001\117\335\213\167\060\001\175\161\122\066}{section.52}% 243
\BOOKMARK [1][-]{section.53}{\376\377\060\275\060\325\060\310\060\246\060\247\060\242\060\250\060\363\060\270\060\313\060\242\060\352\060\363\060\260\220\113\165\050\143\320\117\233}{}% 244
\BOOKMARK [2][-]{subsection.53.1}{\376\377\220\113\165\050\060\306\060\271\060\310\060\001\151\034\212\074\060\001\123\327\060\121\121\145\060\214}{section.53}% 245
\BOOKMARK [2][-]{subsection.53.2}{\376\377\221\115\120\231\060\373\060\352\060\352\060\374\060\271\135\345\133\146}{section.53}% 246
\BOOKMARK [2][-]{subsection.53.3}{\376\377\060\355\060\374\060\353\060\320\060\303\060\257\060\150\060\307\060\374\060\277\171\373\210\114}{section.53}% 247
\BOOKMARK [2][-]{subsection.53.4}{\376\377\125\117\230\114\211\343\154\172}{section.53}% 248
\BOOKMARK [1][-]{section.54}{\376\377\060\275\060\325\060\310\060\246\060\247\060\242\060\250\060\363\060\270\060\313\060\242\060\352\060\363\060\260\220\113\165\050\122\066\137\241}{}% 249
\BOOKMARK [2][-]{subsection.54.1}{\376\377\060\244\060\363\060\267\060\307\060\363\060\310\173\241\164\006}{section.54}% 250
\BOOKMARK [2][-]{subsection.54.2}{\376\377\131\011\146\364\173\241\164\006}{section.54}% 251
\BOOKMARK [2][-]{subsection.54.3}{\376\377\166\343\211\226\060\001\156\054\133\232\060\001\217\375\215\341\060\001\060\354\060\323\060\345\060\374}{section.54}% 252
\BOOKMARK [2][-]{subsection.54.4}{\376\377\220\113\165\050\145\057\143\364}{section.54}% 253
\BOOKMARK [2][-]{subsection.54.5}{\376\377\060\265\060\374\060\323\060\271\130\061\124\112}{section.54}% 254
\BOOKMARK [1][-]{section.55}{\376\377\133\237\122\331\116\012\060\156\200\003\141\156}{}% 255
\BOOKMARK [2][-]{subsection.55.1}{\376\377\060\244\060\363\060\267\060\307\060\363\060\310\060\150\125\117\230\114\060\156\116\210\226\062}{section.55}% 256
\BOOKMARK [2][-]{subsection.55.2}{\376\377\220\113\165\050\060\352\060\271\060\257\173\241\164\006}{section.55}% 257
\BOOKMARK [2][-]{subsection.55.3}{\376\377\060\275\060\325\060\310\060\246\060\247\060\242\060\250\060\363\060\270\060\313\060\242\060\352\060\363\060\260\220\113\165\050\060\156\201\352\122\325\123\026}{section.55}% 258
\BOOKMARK [2][-]{subsection.55.4}{\376\377\134\017\211\217\152\041\175\104\176\124\060\153\060\112\060\121\060\213\220\113\165\050}{section.55}% 259
\BOOKMARK [1][-]{section.56}{\376\377\060\275\060\325\060\310\060\246\060\247\060\242\060\250\060\363\060\270\060\313\060\242\060\352\060\363\060\260\220\113\165\050\060\304\060\374\060\353}{}% 260
\BOOKMARK [2][-]{subsection.56.1}{\376\377\060\263\060\363\060\306\060\312\060\150\116\356\140\363\123\026}{section.56}% 261
\BOOKMARK [2][-]{subsection.56.2}{\376\377\221\115\120\231}{section.56}% 262
\BOOKMARK [2][-]{subsection.56.3}{\376\377\201\352\122\325\060\306\060\271\060\310}{section.56}% 263
\BOOKMARK [2][-]{subsection.56.4}{\376\377\166\343\211\226\060\150\060\306\060\354\060\341\060\310\060\352}{section.56}% 264
\BOOKMARK [1][-]{section.57}{\376\377\060\310\060\324\060\303\060\257\060\150\123\302\200\003\145\207\163\056\060\156\133\376\137\334}{}% 265
\BOOKMARK [1][-]{section.58}{\376\377\123\302\200\003\145\207\163\056}{}% 266
\BOOKMARK [1][-]{section.59}{\376\377\172\340\147\053\170\272\212\215\125\117\230\114}{}% 267
