\BOOKMARK [1][-]{section.1}{\376\377\173\054\0000\0001\172\340\000\040\060\275\060\325\060\310\060\246\060\247\060\242\211\201\154\102}{}% 1
\BOOKMARK [2][-]{section*.1}{\376\377\121\150\117\123\151\202\211\201\377\032\060\123\060\156\172\340\060\147\133\146\060\166\060\123\060\150}{section.1}% 2
\BOOKMARK [2][-]{table.1}{\376\377\134\016\121\145\377\032\211\201\154\102\060\114\221\315\211\201\060\152\164\006\165\061}{section.1}% 3
\BOOKMARK [2][-]{subsection.1.1}{\376\377\060\275\060\325\060\310\060\246\060\247\060\242\211\201\154\102\060\156\127\372\171\016}{section.1}% 4
\BOOKMARK [2][-]{subsection.1.2}{\376\377\211\201\154\102\163\162\137\227}{section.1}% 5
\BOOKMARK [2][-]{subsection.1.3}{\376\377\211\201\154\102\122\006\147\220}{section.1}% 6
\BOOKMARK [2][-]{subsection.1.4}{\376\377\211\201\154\102\116\325\151\330\123\026}{section.1}% 7
\BOOKMARK [2][-]{subsection.1.5}{\376\377\211\201\154\102\131\245\137\123\140\047\170\272\212\215}{section.1}% 8
\BOOKMARK [2][-]{subsection.1.6}{\376\377\211\201\154\102\173\241\164\006\155\073\122\325}{section.1}% 9
\BOOKMARK [2][-]{subsection.1.7}{\376\377\133\237\122\331\116\012\060\156\200\003\141\156}{section.1}% 10
\BOOKMARK [2][-]{subsection.1.8}{\376\377\060\275\060\325\060\310\060\246\060\247\060\242\211\201\154\102\060\304\060\374\060\353}{section.1}% 11
\BOOKMARK [2][-]{subsection.1.9}{\376\377\060\310\060\324\060\303\060\257\060\150\123\302\200\003\145\207\163\056\060\156\133\376\137\334}{section.1}% 12
\BOOKMARK [2][-]{subsection.1.10}{\376\377\166\172\134\125\166\204\060\152\212\255\060\177\162\151}{section.1}% 13
\BOOKMARK [2][-]{subsection.1.11}{\376\377\123\302\200\003\145\207\163\056}{section.1}% 14
\BOOKMARK [2][-]{subsection.1.12}{\376\377\172\340\147\053\170\272\212\215\125\117\230\114}{section.1}% 15
\BOOKMARK [1][-]{section.2}{\376\377\173\054\0000\0002\172\340\000\040\060\275\060\325\060\310\060\246\060\247\060\242\060\242\060\374\060\255\060\306\060\257\060\301\060\343}{}% 16
\BOOKMARK [2][-]{section*.4}{\376\377\121\150\117\123\151\202\211\201\377\032\060\123\060\156\172\340\060\147\133\146\060\166\060\123\060\150}{section.2}% 17
\BOOKMARK [2][-]{table.16}{\376\377\134\016\121\145\377\032\060\152\060\134\060\275\060\325\060\310\060\246\060\247\060\242\060\242\060\374\060\255\060\306\060\257\060\301\060\343\060\222\162\354\172\313\060\127\060\146\133\146\060\166\060\156\060\113}{section.2}% 18
\BOOKMARK [2][-]{subsection.2.1}{\376\377\060\275\060\325\060\310\060\246\060\247\060\242\060\242\060\374\060\255\060\306\060\257\060\301\060\343\060\156\127\372\171\016}{section.2}% 19
\BOOKMARK [2][-]{subsection.2.2}{\376\377\060\275\060\325\060\310\060\246\060\247\060\242\060\242\060\374\060\255\060\306\060\257\060\301\060\343\212\030\217\360}{section.2}% 20
\BOOKMARK [2][-]{subsection.2.3}{\376\377\060\275\060\325\060\310\060\246\060\247\060\242\060\242\060\374\060\255\060\306\060\257\060\301\060\343\220\116\172\013}{section.2}% 21
\BOOKMARK [2][-]{subsection.2.4}{\376\377\060\275\060\325\060\310\060\246\060\247\060\242\060\242\060\374\060\255\060\306\060\257\060\301\060\343\212\125\117\241}{section.2}% 22
\BOOKMARK [2][-]{subsection.2.5}{\376\377\060\310\060\324\060\303\060\257\060\150\123\302\200\003\145\207\163\056\060\156\133\376\137\334}{section.2}% 23
\BOOKMARK [2][-]{subsection.2.6}{\376\377\166\172\134\125\166\204\060\152\212\255\060\177\162\151}{section.2}% 24
\BOOKMARK [2][-]{subsection.2.7}{\376\377\123\302\200\003\145\207\163\056}{section.2}% 25
\BOOKMARK [2][-]{subsection.2.8}{\376\377\172\340\147\053\170\272\212\215\125\117\230\114}{section.2}% 26
\BOOKMARK [1][-]{section.3}{\376\377\173\054\0000\0003\172\340\000\040\060\275\060\325\060\310\060\246\060\247\060\242\212\055\212\010}{}% 27
\BOOKMARK [2][-]{section*.9}{\376\377\121\150\117\123\151\202\211\201\377\032\060\123\060\156\172\340\060\147\133\146\060\166\060\123\060\150}{section.3}% 28
\BOOKMARK [2][-]{figure.22}{\376\377\147\000\122\035\060\153\137\305\211\201\060\152\165\050\212\236}{section.3}% 29
\BOOKMARK [2][-]{table.32}{\376\377\134\016\121\145\377\032\212\055\212\010\060\150\060\157\117\125\060\113}{section.3}% 30
\BOOKMARK [2][-]{subsection.3.1}{\376\377\060\275\060\325\060\310\060\246\060\247\060\242\212\055\212\010\060\156\127\372\171\016}{section.3}% 31
\BOOKMARK [2][-]{subsection.3.2}{\376\377\060\275\060\325\060\310\060\246\060\247\060\242\212\055\212\010\060\327\060\355\060\273\060\271}{section.3}% 32
\BOOKMARK [2][-]{subsection.3.3}{\376\377\060\275\060\325\060\310\060\246\060\247\060\242\212\055\212\010\124\301\214\352}{section.3}% 33
\BOOKMARK [2][-]{subsection.3.4}{\376\377\060\275\060\325\060\310\060\246\060\247\060\242\212\055\212\010\060\156\212\030\223\062}{section.3}% 34
\BOOKMARK [2][-]{subsection.3.5}{\376\377\060\275\060\325\060\310\060\246\060\247\060\242\212\055\212\010\142\046\165\145\060\150\145\271\154\325}{section.3}% 35
\BOOKMARK [2][-]{subsection.3.6}{\376\377\060\275\060\325\060\310\060\246\060\247\060\242\212\055\212\010\124\301\214\352\122\006\147\220\060\150\212\125\117\241}{section.3}% 36
\BOOKMARK [2][-]{subsection.3.7}{\376\377\060\310\060\324\060\303\060\257\060\150\123\302\200\003\145\207\163\056\060\156\133\376\137\334}{section.3}% 37
\BOOKMARK [2][-]{subsection.3.8}{\376\377\166\172\134\125\166\204\060\152\212\255\060\177\162\151}{section.3}% 38
\BOOKMARK [2][-]{subsection.3.9}{\376\377\123\302\200\003\145\207\163\056}{section.3}% 39
\BOOKMARK [2][-]{subsection.3.10}{\376\377\172\340\147\053\170\272\212\215\125\117\230\114}{section.3}% 40
\BOOKMARK [1][-]{section.4}{\376\377\173\054\0000\0004\172\340\000\040\060\275\060\325\060\310\060\246\060\247\060\242\151\313\173\311}{}% 41
\BOOKMARK [2][-]{section*.10}{\376\377\121\150\117\123\151\202\211\201\377\032\060\123\060\156\172\340\060\147\133\146\060\166\060\123\060\150}{section.4}% 42
\BOOKMARK [2][-]{figure.34}{\376\377\147\000\122\035\060\153\137\305\211\201\060\152\165\050\212\236}{section.4}% 43
\BOOKMARK [2][-]{table.45}{\376\377\165\145\212\236}{section.4}% 44
\BOOKMARK [2][-]{table.47}{\376\377\134\016\121\145\377\032\060\275\060\325\060\310\060\246\060\247\060\242\151\313\173\311\060\150\060\157\117\125\060\113}{section.4}% 45
\BOOKMARK [2][-]{subsection.4.1}{\376\377\060\275\060\325\060\310\060\246\060\247\060\242\151\313\173\311\060\156\127\372\171\016}{section.4}% 46
\BOOKMARK [2][-]{subsection.4.2}{\376\377\151\313\173\311\060\156\173\241\164\006}{section.4}% 47
\BOOKMARK [2][-]{subsection.4.3}{\376\377\133\237\122\331\116\012\060\156\200\003\141\156}{section.4}% 48
\BOOKMARK [2][-]{subsection.4.4}{\376\377\151\313\173\311\142\200\210\123}{section.4}% 49
\BOOKMARK [2][-]{subsection.4.5}{\376\377\060\275\060\325\060\310\060\246\060\247\060\242\151\313\173\311\060\304\060\374\060\353}{section.4}% 50
\BOOKMARK [2][-]{subsection.4.6}{\376\377\060\310\060\324\060\303\060\257\060\150\123\302\200\003\145\207\163\056\060\156\133\376\137\334}{section.4}% 51
\BOOKMARK [2][-]{subsection.4.7}{\376\377\166\172\134\125\166\204\060\152\212\255\060\177\162\151}{section.4}% 52
\BOOKMARK [2][-]{subsection.4.8}{\376\377\123\302\200\003\145\207\163\056}{section.4}% 53
\BOOKMARK [2][-]{subsection.4.9}{\376\377\172\340\147\053\170\272\212\215\125\117\230\114}{section.4}% 54
\BOOKMARK [1][-]{section.5}{\376\377\173\054\0000\0005\172\340\000\040\060\275\060\325\060\310\060\246\060\247\060\242\060\306\060\271\060\310}{}% 55
\BOOKMARK [2][-]{section*.11}{\376\377\121\150\117\123\151\202\211\201\377\032\060\123\060\156\172\340\060\147\133\146\060\166\060\123\060\150}{section.5}% 56
\BOOKMARK [2][-]{figure.49}{\376\377\147\000\122\035\060\153\137\305\211\201\060\152\165\050\212\236}{section.5}% 57
\BOOKMARK [2][-]{table.55}{\376\377\134\016\121\145\377\032\060\275\060\325\060\310\060\246\060\247\060\242\060\306\060\271\060\310\060\150\060\157\117\125\060\113}{section.5}% 58
\BOOKMARK [2][-]{subsection.5.1}{\376\377\060\275\060\325\060\310\060\246\060\247\060\242\060\306\060\271\060\310\060\156\127\372\171\016}{section.5}% 59
\BOOKMARK [2][-]{subsection.5.2}{\376\377\060\306\060\271\060\310\060\354\060\331\060\353}{section.5}% 60
\BOOKMARK [2][-]{subsection.5.3}{\376\377\060\306\060\271\060\310\142\200\154\325}{section.5}% 61
\BOOKMARK [2][-]{subsection.5.4}{\376\377\060\306\060\271\060\310\225\242\220\043\156\054\136\246}{section.5}% 62
\BOOKMARK [2][-]{subsection.5.5}{\376\377\060\306\060\271\060\310\060\327\060\355\060\273\060\271}{section.5}% 63
\BOOKMARK [2][-]{subsection.5.6}{\376\377\225\213\166\172\060\327\060\355\060\273\060\271\060\150\220\151\165\050\230\030\127\337\060\153\060\112\060\121\060\213\060\306\060\271\060\310}{section.5}% 64
\BOOKMARK [2][-]{subsection.5.7}{\376\377\145\260\202\010\142\200\210\123\060\156\060\306\060\271\060\310\060\150\145\260\202\010\142\200\210\123\060\153\060\210\060\213\060\306\060\271\060\310}{section.5}% 65
\BOOKMARK [2][-]{subsection.5.8}{\376\377\060\275\060\325\060\310\060\246\060\247\060\242\060\306\060\271\060\310\060\304\060\374\060\353}{section.5}% 66
\BOOKMARK [2][-]{subsection.5.9}{\376\377\060\310\060\324\060\303\060\257\060\150\123\302\200\003\145\207\163\056\060\156\133\376\137\334}{section.5}% 67
\BOOKMARK [2][-]{subsection.5.10}{\376\377\123\302\200\003\145\207\163\056}{section.5}% 68
\BOOKMARK [2][-]{subsection.5.11}{\376\377\172\340\147\053\170\272\212\215\125\117\230\114}{section.5}% 69
\BOOKMARK [1][-]{section.6}{\376\377\173\054\0000\0006\172\340\000\040\060\275\060\325\060\310\060\246\060\247\060\242\060\250\060\363\060\270\060\313\060\242\060\352\060\363\060\260\220\113\165\050}{}% 70
\BOOKMARK [2][-]{section*.88}{\376\377\121\150\117\123\151\202\211\201\377\032\060\123\060\156\172\340\060\147\133\146\060\166\060\123\060\150}{section.6}% 71
\BOOKMARK [2][-]{figure.64}{\376\377\147\000\122\035\060\153\137\305\211\201\060\152\165\050\212\236}{section.6}% 72
\BOOKMARK [2][-]{table.63}{\376\377\134\016\121\145\377\032\220\113\165\050\060\114\221\315\211\201\060\152\164\006\165\061}{section.6}% 73
\BOOKMARK [2][-]{subsection.6.1}{\376\377\060\275\060\325\060\310\060\246\060\247\060\242\060\250\060\363\060\270\060\313\060\242\060\352\060\363\060\260\220\113\165\050\060\156\127\372\171\016}{section.6}% 74
\BOOKMARK [2][-]{subsection.6.2}{\376\377\060\275\060\325\060\310\060\246\060\247\060\242\060\250\060\363\060\270\060\313\060\242\060\352\060\363\060\260\220\113\165\050\212\010\165\073}{section.6}% 75
\BOOKMARK [2][-]{subsection.6.3}{\376\377\060\275\060\325\060\310\060\246\060\247\060\242\060\250\060\363\060\270\060\313\060\242\060\352\060\363\060\260\220\113\165\050\143\320\117\233}{section.6}% 76
\BOOKMARK [2][-]{subsection.6.4}{\376\377\060\275\060\325\060\310\060\246\060\247\060\242\060\250\060\363\060\270\060\313\060\242\060\352\060\363\060\260\220\113\165\050\122\066\137\241}{section.6}% 77
\BOOKMARK [2][-]{subsection.6.5}{\376\377\133\237\122\331\116\012\060\156\200\003\141\156}{section.6}% 78
\BOOKMARK [2][-]{subsection.6.6}{\376\377\060\275\060\325\060\310\060\246\060\247\060\242\060\250\060\363\060\270\060\313\060\242\060\352\060\363\060\260\220\113\165\050\060\304\060\374\060\353}{section.6}% 79
\BOOKMARK [2][-]{subsection.6.7}{\376\377\060\310\060\324\060\303\060\257\060\150\123\302\200\003\145\207\163\056\060\156\133\376\137\334}{section.6}% 80
\BOOKMARK [2][-]{subsection.6.8}{\376\377\123\302\200\003\145\207\163\056}{section.6}% 81
\BOOKMARK [2][-]{subsection.6.9}{\376\377\172\340\147\053\170\272\212\215\125\117\230\114}{section.6}% 82
